node.exe : npm error config prefix cannot be changed from 
project config: C:\Users\Marc 
XVII\Documents\GPMedical\gpl 3.5.2 Dyad\GPMedical 
3.5\erp-medico-frontend\.npmrc.
En línea: 1 Carácter: 1
+ & "C:\Program Files\nodejs/node.exe" "C:\Program 
Files\nodejs/node_mo ...
+ ~~~~~~~~~~~~~~~~~~~~~~~~~~~~~~~~~~~~~~~~~~~~~~~~~~~~~~~~
~~~~~~~~~~~~~
    + CategoryInfo          : NotSpecified: (npm error co 
   nfi...rontend\.npmrc.:String) [], RemoteException
    + FullyQualifiedErrorId : NativeCommandError
 
npm warn Unknown project config "store-dir". This will 
stop working in the next major version of npm.
npm warn Unknown project config "virtual-store-dir". This 
will stop working in the next major version of npm.
