src-v2/modules/agenda-v2/hooks/useAgenda.ts(35,17): error TS2339: Property 'empresaId' does not exist on type 'AuthContextType'.
src-v2/modules/auth-v2/hooks/useAuth.ts(305,32): error TS2304: Cannot find name 'supabase'.
src-v2/modules/auth-v2/services/authService.ts(39,11): error TS2322: Type '{ id: string; email: string; nombre?: string; apellidoPaterno?: string; apellidoMaterno?: string; rol?: UserRole; empresaId?: string; sedeId?: string; avatar?: string; telefono?: string; ... 5 more ...; updatedAt?: string; }' is not assignable to type 'User'.
  Property 'nombre' is optional in type '{ id: string; email: string; nombre?: string; apellidoPaterno?: string; apellidoMaterno?: string; rol?: UserRole; empresaId?: string; sedeId?: string; avatar?: string; telefono?: string; especialidad?: string; ... 4 more ...; updatedAt?: string; }' but required in type 'User'.
src-v2/modules/auth-v2/services/authService.ts(107,14): error TS2322: Type 'Partial<User>' is not assignable to type 'User'.
  Property 'id' is optional in type 'Partial<User>' but required in type 'User'.
src-v2/modules/auth-v2/services/authService.ts(140,7): error TS2322: Type '{ id: string; email: string; nombre?: string; apellidoPaterno?: string; apellidoMaterno?: string; rol?: UserRole; empresaId?: string; sedeId?: string; avatar?: string; telefono?: string; ... 5 more ...; updatedAt?: string; }' is not assignable to type 'User'.
  Property 'nombre' is optional in type '{ id: string; email: string; nombre?: string; apellidoPaterno?: string; apellidoMaterno?: string; rol?: UserRole; empresaId?: string; sedeId?: string; avatar?: string; telefono?: string; especialidad?: string; ... 4 more ...; updatedAt?: string; }' but required in type 'User'.
src-v2/modules/auth-v2/services/authService.ts(194,7): error TS2322: Type '{ id: string; email: string; nombre?: string; apellidoPaterno?: string; apellidoMaterno?: string; rol?: UserRole; empresaId?: string; sedeId?: string; avatar?: string; telefono?: string; ... 5 more ...; updatedAt?: string; }' is not assignable to type 'User'.
  Property 'nombre' is optional in type '{ id: string; email: string; nombre?: string; apellidoPaterno?: string; apellidoMaterno?: string; rol?: UserRole; empresaId?: string; sedeId?: string; avatar?: string; telefono?: string; especialidad?: string; ... 4 more ...; updatedAt?: string; }' but required in type 'User'.
src-v2/modules/chatbot-v2/hooks/useChatbot.ts(19,17): error TS2339: Property 'empresaId' does not exist on type 'AuthContextType'.
src-v2/modules/inventario-v2/hooks/useInventario.ts(31,17): error TS2339: Property 'empresaId' does not exist on type 'AuthContextType'.
src-v2/modules/inventario-v2/services/inventarioService.ts(57,50): error TS2339: Property 'raw' does not exist on type 'SupabaseClient<any, "public", "public", any, any>'.
src-v2/modules/inventario-v2/services/inventarioService.ts(187,49): error TS2339: Property 'stock_reservado' does not exist on type '{ stock_actual: any; stock_disponible: any; }'.
src-v2/modules/pacientes-v2/hooks/usePacientes.ts(52,17): error TS2339: Property 'empresaId' does not exist on type 'AuthContextType'.
src-v2/modules/pacientes-v2/hooks/usePacientes.ts(79,65): error TS2353: Object literal may only specify known properties, and 'page' does not exist in type 'PacienteFilters'.
src-v2/modules/pacientes-v2/hooks/usePacientes.ts(88,5): error TS2769: No overload matches this call.
  Overload 1 of 3, '(options: DefinedInitialDataOptions<PaginatedResult<Paciente>, Error, PaginatedResult<Paciente>, readonly unknown[]>, queryClient?: QueryClient): DefinedUseQueryResult<...>', gave the following error.
    Object literal may only specify known properties, and 'keepPreviousData' does not exist in type 'DefinedInitialDataOptions<PaginatedResult<Paciente>, Error, PaginatedResult<Paciente>, readonly unknown[]>'.
  Overload 2 of 3, '(options: UndefinedInitialDataOptions<PaginatedResult<Paciente>, Error, PaginatedResult<Paciente>, readonly unknown[]>, queryClient?: QueryClient): UseQueryResult<...>', gave the following error.
    Object literal may only specify known properties, and 'keepPreviousData' does not exist in type 'UndefinedInitialDataOptions<PaginatedResult<Paciente>, Error, PaginatedResult<Paciente>, readonly unknown[]>'.
  Overload 3 of 3, '(options: UseQueryOptions<PaginatedResult<Paciente>, Error, PaginatedResult<Paciente>, readonly unknown[]>, queryClient?: QueryClient): UseQueryResult<...>', gave the following error.
    Object literal may only specify known properties, and 'keepPreviousData' does not exist in type 'UseQueryOptions<PaginatedResult<Paciente>, Error, PaginatedResult<Paciente>, readonly unknown[]>'.
src-v2/modules/pacientes-v2/hooks/usePacientes.ts(167,20): error TS2339: Property 'previousPaciente' does not exist on type 'unknown'.
src-v2/modules/pacientes-v2/hooks/usePacientes.ts(170,19): error TS2339: Property 'previousPaciente' does not exist on type 'unknown'.
src-v2/modules/pacientes-v2/hooks/usePacientes.ts(253,59): error TS2339: Property 'totalPages' does not exist on type 'NoInfer<TQueryFnData>'.
src-v2/modules/pacientes-v2/hooks/usePacientes.ts(309,37): error TS2339: Property 'data' does not exist on type 'NoInfer<TQueryFnData>'.
src-v2/modules/pacientes-v2/hooks/usePacientes.ts(310,33): error TS2339: Property 'total' does not exist on type 'NoInfer<TQueryFnData>'.
src-v2/modules/pacientes-v2/hooks/usePacientes.ts(313,38): error TS2339: Property 'totalPages' does not exist on type 'NoInfer<TQueryFnData>'.
src-v2/modules/pacientes-v2/hooks/usePacientes.ts(337,47): error TS2339: Property 'totalPages' does not exist on type 'NoInfer<TQueryFnData>'.
src-v2/modules/pacientes-v2/hooks/usePacientes.ts(362,11): error TS2339: Property 'empresaId' does not exist on type 'AuthContextType'.
src-v2/shared/components/ui/ButtonV2.tsx(32,11): error TS2430: Interface 'ButtonV2Props' incorrectly extends interface 'ButtonHTMLAttributes<HTMLButtonElement>'.
  Types of property 'onError' are incompatible.
    Type '(error: Error) => void' is not assignable to type 'ReactEventHandler<HTMLButtonElement>'.
      Types of parameters 'error' and 'event' are incompatible.
        Type 'SyntheticEvent<HTMLButtonElement, Event>' is missing the following properties from type 'Error': name, message
src-v2/version-router.tsx(11,48): error TS2307: Cannot find module './src/contexts/AuthContext' or its corresponding type declarations.
src-v2/version-router.tsx(12,38): error TS2307: Cannot find module './src/contexts/AuthContext' or its corresponding type declarations.
src-v2/version-router.tsx(13,42): error TS2307: Cannot find module './src/pages/Pacientes' or its corresponding type declarations.
src-v2/version-router.tsx(14,36): error TS2307: Cannot find module './src/pages/Agenda' or its corresponding type declarations.
src-v2/version-router.tsx(15,44): error TS2307: Cannot find module './src/pages/Inventario' or its corresponding type declarations.
src-v2/version-router.tsx(16,36): error TS2307: Cannot find module './src/components/ui/button' or its corresponding type declarations.
src/components/billing/ClientesFiscales.tsx(35,11): error TS2551: Property 'razon_social' does not exist on type 'Cliente'. Did you mean 'razonSocial'?
src/components/billing/ClientesFiscales.tsx(68,50): error TS2551: Property 'razon_social' does not exist on type 'Cliente'. Did you mean 'razonSocial'?
src/components/billing/ClientesFiscales.tsx(71,50): error TS2551: Property 'regimen_fiscal' does not exist on type 'Cliente'. Did you mean 'regimenFiscal'?
src/components/billing/ClientesFiscales.tsx(82,56): error TS2339: Property 'email_envio' does not exist on type 'Cliente'.
src/components/billing/ClientesFiscales.tsx(86,60): error TS2339: Property 'codigo_postal' does not exist on type 'Cliente'.
src/components/billing/FacturacionDashboard.tsx(49,59): error TS2367: This comparison appears to be unintentional because the types '"cancelada" | "pendiente" | "vencida" | "pagada"' and '"timbrada"' have no overlap.
src/components/billing/FacturacionDashboard.tsx(50,60): error TS2367: This comparison appears to be unintentional because the types '"cancelada" | "pendiente" | "vencida" | "pagada"' and '"borrador"' have no overlap.
src/components/billing/FacturacionDashboard.tsx(115,56): error TS2339: Property 'uuid_sat' does not exist on type 'Factura'.
src/components/billing/FacturacionDashboard.tsx(119,105): error TS2551: Property 'razon_social' does not exist on type 'Cliente'. Did you mean 'razonSocial'?
src/components/billing/FacturacionDashboard.tsx(123,61): error TS2551: Property 'fecha_emision' does not exist on type 'Factura'. Did you mean 'fechaEmision'?
src/components/billing/FacturacionDashboard.tsx(147,58): error TS2367: This comparison appears to be unintentional because the types '"cancelada" | "pendiente" | "vencida" | "pagada"' and '"timbrada"' have no overlap.
src/components/billing/NuevaFactura.tsx(45,11): error TS2353: Object literal may only specify known properties, and 'clave_prod_serv' does not exist in type '{ id: string; servicioId: string; servicioNombre: string; cantidad: number; precioUnitario: number; descuento: number; impuesto: number; total: number; }'.
src/components/billing/NuevaFactura.tsx(57,73): error TS2339: Property 'valor_unitario' does not exist on type '{ id: string; servicioId: string; servicioNombre: string; cantidad: number; precioUnitario: number; descuento: number; impuesto: number; total: number; }'.
src/components/billing/NuevaFactura.tsx(62,39): error TS2322: Type '{ id: string; servicioId: string; servicioNombre: string; cantidad: number; precioUnitario: number; descuento: number; impuesto: number; total: number; } | { clave_prod_serv: string; cantidad: number; clave_unidad: string; descripcion: string; valor_unitario: number; importe: number; }' is not assignable to type '{ id: string; servicioId: string; servicioNombre: string; cantidad: number; precioUnitario: number; descuento: number; impuesto: number; total: number; }'.
  Object literal may only specify known properties, and 'clave_prod_serv' does not exist in type '{ id: string; servicioId: string; servicioNombre: string; cantidad: number; precioUnitario: number; descuento: number; impuesto: number; total: number; }'.
src/components/billing/NuevaFactura.tsx(62,39): error TS2353: Object literal may only specify known properties, and 'clave_prod_serv' does not exist in type '{ id: string; servicioId: string; servicioNombre: string; cantidad: number; precioUnitario: number; descuento: number; impuesto: number; total: number; }'.
src/components/billing/NuevaFactura.tsx(72,37): error TS2367: This comparison appears to be unintentional because the types '"id" | "total" | "servicioId" | "servicioNombre" | "precioUnitario" | "descuento" | "impuesto"' and '"valor_unitario"' have no overlap.
src/components/billing/NuevaFactura.tsx(73,33): error TS2339: Property 'importe' does not exist on type '{ id: string; servicioId: string; servicioNombre: string; cantidad: number; precioUnitario: number; descuento: number; impuesto: number; total: number; }'.
src/components/billing/NuevaFactura.tsx(73,94): error TS2339: Property 'valor_unitario' does not exist on type '{ id: string; servicioId: string; servicioNombre: string; cantidad: number; precioUnitario: number; descuento: number; impuesto: number; total: number; }'.
src/components/billing/NuevaFactura.tsx(105,17): error TS2322: Type '"timbrada"' is not assignable to type '"cancelada" | "pendiente" | "vencida" | "pagada"'.
src/components/billing/NuevaFactura.tsx(125,25): error TS2353: Object literal may only specify known properties, and 'clave_prod_serv' does not exist in type '{ id: string; servicioId: string; servicioNombre: string; cantidad: number; precioUnitario: number; descuento: number; impuesto: number; total: number; }'.
src/components/billing/NuevaFactura.tsx(173,48): error TS2551: Property 'razon_social' does not exist on type 'Cliente'. Did you mean 'razonSocial'?
src/components/billing/NuevaFactura.tsx(183,106): error TS2551: Property 'razon_social' does not exist on type 'Cliente'. Did you mean 'razonSocial'?
src/components/billing/NuevaFactura.tsx(184,112): error TS2339: Property 'codigo_postal' does not exist on type 'Cliente'.
src/components/billing/NuevaFactura.tsx(197,103): error TS2551: Property 'uso_cfdi' does not exist on type 'Cliente'. Did you mean 'usoCFDI'?
src/components/billing/NuevaFactura.tsx(197,132): error TS2551: Property 'uso_cfdi' does not exist on type 'Cliente'. Did you mean 'usoCFDI'?
src/components/billing/NuevaFactura.tsx(201,85): error TS2551: Property 'regimen_fiscal' does not exist on type 'Cliente'. Did you mean 'regimenFiscal'?
src/components/billing/NuevaFactura.tsx(226,69): error TS2339: Property 'descripcion' does not exist on type '{ id: string; servicioId: string; servicioNombre: string; cantidad: number; precioUnitario: number; descuento: number; impuesto: number; total: number; }'.
src/components/billing/NuevaFactura.tsx(227,94): error TS2345: Argument of type '"descripcion"' is not assignable to parameter of type '"id" | "cantidad" | "total" | "servicioId" | "servicioNombre" | "precioUnitario" | "descuento" | "impuesto"'.
src/components/billing/NuevaFactura.tsx(244,69): error TS2339: Property 'valor_unitario' does not exist on type '{ id: string; servicioId: string; servicioNombre: string; cantidad: number; precioUnitario: number; descuento: number; impuesto: number; total: number; }'.
src/components/billing/NuevaFactura.tsx(245,94): error TS2345: Argument of type '"valor_unitario"' is not assignable to parameter of type '"id" | "cantidad" | "total" | "servicioId" | "servicioNombre" | "precioUnitario" | "descuento" | "impuesto"'.
src/components/facturacion/ConciliacionAutomatica.tsx(27,29): error TS2305: Module '"@/types/facturacion"' has no exported member 'MovimientoConciliacion'.
src/components/facturacion/ConciliacionAutomatica.tsx(105,7): error TS2353: Object literal may only specify known properties, and 'fechaConciliacion' does not exist in type 'SetStateAction<ConciliacionPagos>'.
src/components/facturacion/ConciliacionAutomatica.tsx(141,11): error TS2353: Object literal may only specify known properties, and 'movimientos' does not exist in type 'SetStateAction<ConciliacionPagos>'.
src/components/facturacion/ConciliacionAutomatica.tsx(453,35): error TS2339: Property 'periodo' does not exist on type 'ConciliacionPagos'.
src/components/facturacion/ConciliacionAutomatica.tsx(454,35): error TS2339: Property 'periodo' does not exist on type 'ConciliacionPagos'.
src/components/facturacion/ConciliacionAutomatica.tsx(460,35): error TS2339: Property 'fechaConciliacion' does not exist on type 'ConciliacionPagos'.
src/components/facturacion/ConciliacionAutomatica.tsx(466,34): error TS2339: Property 'estado' does not exist on type 'ConciliacionPagos'.
src/components/facturacion/ConciliacionAutomatica.tsx(467,34): error TS2339: Property 'estado' does not exist on type 'ConciliacionPagos'.
src/components/facturacion/ConciliacionAutomatica.tsx(470,35): error TS2339: Property 'estado' does not exist on type 'ConciliacionPagos'.
src/components/facturacion/ConciliacionAutomatica.tsx(476,34): error TS2339: Property 'diferencias' does not exist on type 'ConciliacionPagos'.
src/components/facturacion/ConciliacionAutomatica.tsx(478,36): error TS2339: Property 'diferencias' does not exist on type 'ConciliacionPagos'.
src/components/facturacion/EstadosCuenta.tsx(29,24): error TS2305: Module '"@/types/facturacion"' has no exported member 'MovimientoEstadoCuenta'.
src/components/facturacion/EstadosCuenta.tsx(107,7): error TS2561: Object literal may only specify known properties, but 'cliente' does not exist in type 'EstadoCuenta'. Did you mean to write 'clienteId'?
src/components/facturacion/EstadosCuenta.tsx(109,34): error TS2339: Property 'limiteCredito' does not exist on type 'Cliente'.
src/components/facturacion/EstadosCuenta.tsx(142,41): error TS2339: Property 'saldoActual' does not exist on type 'EstadoCuenta'.
src/components/facturacion/EstadosCuenta.tsx(142,68): error TS2339: Property 'limiteCredito' does not exist on type 'EstadoCuenta'.
src/components/facturacion/EstadosCuenta.tsx(156,39): error TS2339: Property 'saldoActual' does not exist on type 'EstadoCuenta'.
src/components/facturacion/EstadosCuenta.tsx(159,60): error TS2339: Property 'movimientos' does not exist on type 'EstadoCuenta'.
src/components/facturacion/EstadosCuenta.tsx(277,38): error TS2339: Property 'saldoActual' does not exist on type 'EstadoCuenta'.
src/components/facturacion/EstadosCuenta.tsx(303,38): error TS2339: Property 'limiteCredito' does not exist on type 'EstadoCuenta'.
src/components/facturacion/EstadosCuenta.tsx(306,49): error TS2339: Property 'saldoActual' does not exist on type 'EstadoCuenta'.
src/components/facturacion/EstadosCuenta.tsx(306,76): error TS2339: Property 'limiteCredito' does not exist on type 'EstadoCuenta'.
src/components/facturacion/EstadosCuenta.tsx(326,37): error TS2339: Property 'facturas' does not exist on type 'EstadoCuenta'.
src/components/facturacion/EstadosCuenta.tsx(329,38): error TS2339: Property 'facturas' does not exist on type 'EstadoCuenta'.
src/components/facturacion/EstadosCuenta.tsx(349,37): error TS2339: Property 'pagos' does not exist on type 'EstadoCuenta'.
src/components/facturacion/EstadosCuenta.tsx(352,38): error TS2339: Property 'pagos' does not exist on type 'EstadoCuenta'.
src/components/facturacion/EstadosCuenta.tsx(368,33): error TS2551: Property 'cliente' does not exist on type 'EstadoCuenta'. Did you mean 'clienteId'?
src/components/facturacion/EstadosCuenta.tsx(373,46): error TS2551: Property 'cliente' does not exist on type 'EstadoCuenta'. Did you mean 'clienteId'?
src/components/facturacion/EstadosCuenta.tsx(377,41): error TS2551: Property 'cliente' does not exist on type 'EstadoCuenta'. Did you mean 'clienteId'?
src/components/facturacion/EstadosCuenta.tsx(379,33): error TS2551: Property 'cliente' does not exist on type 'EstadoCuenta'. Did you mean 'clienteId'?
src/components/facturacion/EstadosCuenta.tsx(382,43): error TS2551: Property 'cliente' does not exist on type 'EstadoCuenta'. Did you mean 'clienteId'?
src/components/facturacion/EstadosCuenta.tsx(488,33): error TS2339: Property 'facturas' does not exist on type 'EstadoCuenta'.
src/components/facturacion/EstadosCuenta.tsx(564,40): error TS2339: Property 'facturas' does not exist on type 'EstadoCuenta'.
src/components/facturacion/EstadosCuenta.tsx(570,40): error TS2339: Property 'pagos' does not exist on type 'EstadoCuenta'.
src/components/facturacion/EstadosCuenta.tsx(576,38): error TS2339: Property 'saldoActual' does not exist on type 'EstadoCuenta'.
src/components/facturacion/EstadosCuenta.tsx(578,40): error TS2339: Property 'saldoActual' does not exist on type 'EstadoCuenta'.
src/components/facturacion/EstadosCuenta.tsx(585,53): error TS2339: Property 'facturas' does not exist on type 'EstadoCuenta'.
src/components/facturacion/EstadosCuenta.tsx(585,114): error TS2339: Property 'facturas' does not exist on type 'EstadoCuenta'.
src/components/facturacion/GeneradorCFDI.tsx(133,9): error TS2322: Type '"borrador"' is not assignable to type '"cancelada" | "pendiente" | "vencida" | "pagada"'.
src/components/facturacion/GeneradorCFDI.tsx(134,9): error TS2322: Type 'string' is not assignable to type 'MetodoPago'.
src/components/facturacion/GeneradorCFDI.tsx(137,9): error TS2322: Type 'string' is not assignable to type 'UsoCFDI'.
src/components/facturacion/PortalPagos.tsx(86,11): error TS2353: Object literal may only specify known properties, and 'referencia' does not exist in type 'Partial<Pago>'.
src/components/rrhh/AsistenciaTable.tsx(71,55): error TS2339: Property 'retardo_minutos' does not exist on type 'RegistroAsistencia'.
src/components/rrhh/AsistenciaTable.tsx(71,83): error TS2339: Property 'retardo_minutos' does not exist on type 'RegistroAsistencia'.
src/components/rrhh/AsistenciaTable.tsx(111,47): error TS2339: Property 'horas_trabajadas' does not exist on type 'RegistroAsistencia'.
src/components/rrhh/AsistenciaTable.tsx(112,81): error TS2339: Property 'horas_trabajadas' does not exist on type 'RegistroAsistencia'.
src/components/rrhh/AsistenciaTable.tsx(127,56): error TS2339: Property 'retardo_minutos' does not exist on type 'RegistroAsistencia'.
src/components/rrhh/EmpleadoCard.tsx(47,56): error TS2339: Property 'apellido' does not exist on type 'Employee'.
src/components/rrhh/EmpleadoCard.tsx(65,65): error TS2339: Property 'apellido' does not exist on type 'Employee'.
src/components/rrhh/EmpleadoCard.tsx(68,37): error TS2322: Type 'string | Puesto' is not assignable to type 'ReactNode'.
  Type 'Puesto' is not assignable to type 'ReactNode'.
src/components/rrhh/EmpleadoCard.tsx(104,52): error TS2322: Type 'string | Departamento' is not assignable to type 'ReactNode'.
  Type 'Departamento' is not assignable to type 'ReactNode'.
src/components/rrhh/EmpleadoCard.tsx(110,31): error TS2339: Property 'email_personal' does not exist on type 'Employee'.
src/components/rrhh/EmpleadoCard.tsx(113,66): error TS2339: Property 'email_personal' does not exist on type 'Employee'.
src/components/rrhh/EmpleadoModal.tsx(47,9): error TS2322: Type 'string' is not assignable to type 'Departamento'.
src/components/rrhh/EmpleadoModal.tsx(48,9): error TS2322: Type 'string' is not assignable to type 'Puesto'.
src/components/rrhh/EmpleadoModal.tsx(66,17): error TS2322: Type 'string' is not assignable to type 'Departamento'.
src/components/rrhh/EmpleadoModal.tsx(67,17): error TS2322: Type 'string' is not assignable to type 'Puesto'.
src/components/rrhh/EmpleadoModal.tsx(84,51): error TS2339: Property 'apellido' does not exist on type 'Partial<Employee>'.
src/components/rrhh/EmpleadoModal.tsx(85,44): error TS2339: Property 'apellido' does not exist on type 'Partial<Employee>'.
src/components/rrhh/EmpleadoModal.tsx(131,49): error TS2339: Property 'apellido' does not exist on type 'Partial<Employee>'.
src/components/rrhh/EmpleadoModal.tsx(132,63): error TS2345: Argument of type '"apellido"' is not assignable to parameter of type 'keyof Employee'.
src/components/rrhh/EmpleadoModal.tsx(141,49): error TS2339: Property 'email_personal' does not exist on type 'Partial<Employee>'.
src/components/rrhh/EmpleadoModal.tsx(142,63): error TS2345: Argument of type '"email_personal"' is not assignable to parameter of type 'keyof Employee'.
src/components/rrhh/EmpleadoModal.tsx(173,33): error TS2322: Type 'Departamento' is not assignable to type 'string | number | readonly string[]'.
src/components/rrhh/EmpleadoModal.tsx(182,33): error TS2322: Type 'Puesto' is not assignable to type 'string | number | readonly string[]'.
src/components/rrhh/EmpleadoModal.tsx(192,49): error TS2339: Property 'salario_diario' does not exist on type 'Partial<Employee>'.
src/components/rrhh/EmpleadoModal.tsx(193,63): error TS2345: Argument of type '"salario_diario"' is not assignable to parameter of type 'keyof Employee'.
src/components/rrhh/IncidenciasPanel.tsx(61,45): error TS2339: Property 'empleado' does not exist on type 'Incidencia'.
src/components/rrhh/IncidenciasPanel.tsx(64,59): error TS2339: Property 'estado' does not exist on type 'Incidencia'.
src/components/rrhh/IncidenciasPanel.tsx(97,74): error TS2339: Property 'fecha_inicio' does not exist on type 'Incidencia'.
src/components/rrhh/IncidenciasPanel.tsx(102,65): error TS2339: Property 'fecha_fin' does not exist on type 'Incidencia'.
src/components/rrhh/IncidenciasPanel.tsx(102,89): error TS2339: Property 'fecha_fin' does not exist on type 'Incidencia'.
src/components/rrhh/IncidenciasPanel.tsx(102,114): error TS2339: Property 'fecha_inicio' does not exist on type 'Incidencia'.
src/components/rrhh/IncidenciasPanel.tsx(105,82): error TS2339: Property 'fecha_fin' does not exist on type 'Incidencia'.
src/components/rrhh/IncidenciasPanel.tsx(111,65): error TS2339: Property 'dias_afectados' does not exist on type 'Incidencia'.
src/components/rrhh/IncidenciasPanel.tsx(113,74): error TS2339: Property 'dias_afectados' does not exist on type 'Incidencia'.
src/components/rrhh/IncidenciasPanel.tsx(113,105): error TS2339: Property 'dias_afectados' does not exist on type 'Incidencia'.
src/components/rrhh/IncidenciasPanel.tsx(127,53): error TS2339: Property 'motivo' does not exist on type 'Incidencia'.
src/components/rrhh/IncidenciasPanel.tsx(129,61): error TS2339: Property 'motivo' does not exist on type 'Incidencia'.
src/components/rrhh/VacacionesPanel.tsx(75,56): error TS2339: Property 'apellido' does not exist on type 'Partial<Employee>'.
src/components/rrhh/VacacionesPanel.tsx(75,76): error TS2339: Property 'apellido' does not exist on type 'Partial<Employee>'.
src/components/rrhh/VacacionesPanel.tsx(84,83): error TS2339: Property 'apellido' does not exist on type 'Partial<Employee>'.
src/components/rrhh/VacacionesPanel.tsx(94,69): error TS2339: Property 'dias_tomados' does not exist on type 'VacationRequest'.
src/hooks/useCurrentUserDemo.ts(6,26): error TS2339: Property 'error' does not exist on type 'AuthContextType'.
src/pages/admin/Suscripcion.tsx(15,26): error TS2305: Module '"@/services/billingService"' has no exported member 'PlanSaaS'.
src/pages/admin/Suscripcion.tsx(15,36): error TS2305: Module '"@/services/billingService"' has no exported member 'SuscripcionSaaS'.
src/pages/admin/Suscripcion.tsx(56,52): error TS2339: Property 'getPlanes' does not exist on type '{ getEmisorConfig(empresaId: string): Promise<EmisorConfig>; saveEmisorConfig(config: Partial<EmisorConfig>): Promise<EmisorConfig>; ... 5 more ...; getFacturaById(id: string): Promise<...>; }'.
src/pages/admin/Suscripcion.tsx(61,50): error TS2339: Property 'getSuscripcionActual' does not exist on type '{ getEmisorConfig(empresaId: string): Promise<EmisorConfig>; saveEmisorConfig(config: Partial<EmisorConfig>): Promise<EmisorConfig>; ... 5 more ...; getFacturaById(id: string): Promise<...>; }'.
src/pages/admin/Suscripcion.tsx(80,38): error TS2339: Property 'simularActivacionPlan' does not exist on type '{ getEmisorConfig(empresaId: string): Promise<EmisorConfig>; saveEmisorConfig(config: Partial<EmisorConfig>): Promise<EmisorConfig>; ... 5 more ...; getFacturaById(id: string): Promise<...>; }'.
src/pages/rrhh/Nomina.tsx(169,95): error TS2339: Property 'apellido' does not exist on type 'Partial<Employee>'.
src/pages/rrhh/Nomina.tsx(171,97): error TS2322: Type 'Puesto' is not assignable to type 'ReactNode'.
src/pages/rrhh/RRHH.tsx(96,11): error TS2339: Property 'apellido' does not exist on type 'Employee'.
src/services/comprasService.ts(103,56): error TS2345: Argument of type '{ empresa_id: string; item_id: string; tipo_movimiento: "entrada_compra"; cantidad: number; referencia_id: string; origen_ref: string; observaciones: string; }' is not assignable to parameter of type 'Omit<MovimientoInventario, "id" | "fecha_movimiento">'.
  Property 'usuario_id' is missing in type '{ empresa_id: string; item_id: string; tipo_movimiento: "entrada_compra"; cantidad: number; referencia_id: string; origen_ref: string; observaciones: string; }' but required in type 'Omit<MovimientoInventario, "id" | "fecha_movimiento">'.
